computing zeros of zeta(1/2 + it) for 14 < t <= 74921
argument principle: N(74921) = 100000  (residual 0.0e+00)
  pass 1: 99944 found, 100000 expected (56 missing); localising by argument principle
    deficit 2 localised to (5229.178135, 5229.463882)
    deficit 1 localised to (23153.263329, 23153.549076)
    deficit 1 localised to (23153.549076, 23153.834824)
    deficit 2 localised to (24401.694279, 24401.980026)
    deficit 2 localised to (27260.026802, 27260.312550)
    deficit 2 localised to (29355.413425, 29355.699173)
    deficit 2 localised to (33179.286846, 33179.572594)
    deficit 1 localised to (39435.728973, 39436.014721)
    deficit 1 localised to (39436.014721, 39436.300468)
    deficit 2 localised to (40735.880226, 40736.165974)
    deficit 2 localised to (41631.984474, 41632.270222)
    deficit 2 localised to (47279.212872, 47279.498619)
    deficit 2 localised to (49593.482101, 49593.767849)
    deficit 2 localised to (50965.641731, 50965.927479)
    deficit 2 localised to (52126.062443, 52126.348190)
    deficit 2 localised to (53855.977978, 53856.263725)
    deficit 2 localised to (57689.852562, 57690.138309)
    deficit 2 localised to (60139.851868, 60140.137615)
    deficit 1 localised to (61004.809635, 61005.095383)
    deficit 1 localised to (61005.095383, 61005.381130)
    deficit 2 localised to (63137.057690, 63137.343437)
    deficit 2 localised to (65562.482708, 65562.768456)
    deficit 2 localised to (66678.041058, 66678.326805)
    deficit 2 localised to (67456.417324, 67456.703072)
    deficit 2 localised to (70902.818260, 70903.104008)
    deficit 1 localised to (71732.629082, 71732.914829)
    deficit 1 localised to (71732.914829, 71733.200577)
    deficit 2 localised to (72270.691677, 72270.977425)
    deficit 2 localised to (72352.986965, 72353.272713)
    deficit 2 localised to (72677.024662, 72677.310410)
    deficit 2 localised to (72830.756832, 72831.042580)
    deficit 2 localised to (73146.793598, 73147.079346)
found 100000 zeros in 17.0s
all accounted for: True
mean normalised gap: 0.99998572  (exact value should tend to 1)
min normalised gap:  0.021860
wrote results/zeros_74921.json
