
height t ~ 1e+04   (mean gap 0.8523, 39 terms per evaluation)
    window 1/52 at t=10000: 234 zeros (n_max=39)
    window 2/52 at t=10110: 233 zeros (n_max=40)
    window 3/52 at t=10220: 233 zeros (n_max=40)
    window 4/52 at t=10330: 233 zeros (n_max=40)
    window 5/52 at t=10440: 234 zeros (n_max=40)
    window 6/52 at t=10550: 234 zeros (n_max=40)
    window 7/52 at t=10660: 235 zeros (n_max=41)
    window 8/52 at t=10770: 234 zeros (n_max=41)
    window 9/52 at t=10880: 235 zeros (n_max=41)
    window 10/52 at t=10990: 236 zeros (n_max=41)
    window 11/52 at t=11100: 236 zeros (n_max=42)
    window 12/52 at t=11210: 236 zeros (n_max=42)
    window 13/52 at t=11320: 237 zeros (n_max=42)
    window 14/52 at t=11430: 237 zeros (n_max=42)
    window 15/52 at t=11540: 237 zeros (n_max=42)
    window 16/52 at t=11650: 237 zeros (n_max=43)
    window 17/52 at t=11760: 238 zeros (n_max=43)
    window 18/52 at t=11870: 239 zeros (n_max=43)
    window 19/52 at t=11980: 239 zeros (n_max=43)
    window 20/52 at t=12090: 238 zeros (n_max=43)
    window 21/52 at t=12200: 239 zeros (n_max=44)
    window 22/52 at t=12310: 240 zeros (n_max=44)
    window 23/52 at t=12420: 240 zeros (n_max=44)
    window 24/52 at t=12530: 239 zeros (n_max=44)
    window 25/52 at t=12640: 239 zeros (n_max=44)
    window 26/52 at t=12750: 240 zeros (n_max=45)
    window 27/52 at t=12860: 241 zeros (n_max=45)
    window 28/52 at t=12970: 241 zeros (n_max=45)
    window 29/52 at t=13080: 242 zeros (n_max=45)
    window 30/52 at t=13190: 241 zeros (n_max=45)
    window 31/52 at t=13300: 242 zeros (n_max=46)
    window 32/52 at t=13410: 242 zeros (n_max=46)
    window 33/52 at t=13520: 242 zeros (n_max=46)
    window 34/52 at t=13630: 242 zeros (n_max=46)
    window 35/52 at t=13740: 243 zeros (n_max=46)
    window 36/52 at t=13850: 243 zeros (n_max=46)
    window 37/52 at t=13960: 243 zeros (n_max=47)
    window 38/52 at t=14070: 243 zeros (n_max=47)
    window 39/52 at t=14180: 243 zeros (n_max=47)
    window 40/52 at t=14290: 244 zeros (n_max=47)
    window 41/52 at t=14400: 244 zeros (n_max=47)
    window 42/52 at t=14510: 243 zeros (n_max=48)
    window 43/52 at t=14620: 245 zeros (n_max=48)
    window 44/52 at t=14730: 246 zeros (n_max=48)
    window 45/52 at t=14840: 245 zeros (n_max=48)
    window 46/52 at t=14950: 246 zeros (n_max=48)
    window 47/52 at t=15060: 245 zeros (n_max=48)
    window 48/52 at t=15170: 246 zeros (n_max=49)
    window 49/52 at t=15280: 246 zeros (n_max=49)
    window 50/52 at t=15390: 246 zeros (n_max=49)
    window 51/52 at t=15500: 247 zeros (n_max=49)
    window 52/52 at t=15610: 248 zeros (n_max=49)
    12,491 zeros in 2.8s
    completeness: found 234, smooth prediction 232.77, implied S difference +1.23, stable under refinement: True

height t ~ 1e+06   (mean gap 0.5246, 398 terms per evaluation)
    window 1/4 at t=1e+06: 3,002 zeros (n_max=398)
    window 2/4 at t=1.011e+06: 3,005 zeros (n_max=401)
    window 3/4 at t=1.022e+06: 3,007 zeros (n_max=403)
    window 4/4 at t=1.033e+06: 3,010 zeros (n_max=405)
    12,024 zeros in 11.0s
    completeness: found 3,002, smooth prediction 3002.00, implied S difference +0.00, stable under refinement: True

height t ~ 1e+08   (mean gap 0.3789, 3,989 terms per evaluation)
    window 1/1 at t=1e+08: 12,001 zeros (n_max=3,989)
    12,001 zeros in 422.1s
    completeness: found 12,001, smooth prediction 12002.00, implied S difference -1.00, stable under refinement: True

height t ~ 1e+10   (mean gap 0.2965, 39,894 terms per evaluation)
    window 1/1 at t=1e+10: 6,002 zeros (n_max=39,894)
    6,002 zeros in 3028.8s
    completeness: found 6,002, smooth prediction 6002.00, implied S difference +0.00, stable under refinement: True

==============================================================================
CONVERGENCE OF ZERO SPACINGS TO THE GUE LIMIT
==============================================================================

    height     zeros     L1 dev      <s^2>    rel err      <s^3>    rel err
     1e+04    12,491    0.08445    1.15838      1.67%    1.50606      4.12%
     1e+06    12,024    0.04211    1.16666      0.97%    1.53155      2.50%
     1e+08    12,001    0.04087    1.17107      0.60%    1.54496      1.64%
     1e+10     6,002    0.05748    1.17737      0.06%    1.56624      0.29%

  GUE reference: <s^2> = 1.178097, <s^3> = 1.570796

  The second-moment error falls roughly like (log t)^-2.75.

  That is the whole problem in one number.  The natural expansion parameter for
  these statistics is 1/log t, so buying one extra digit of accuracy in the GUE
  agreement costs an ENORMOUS factor in height.  Odlyzko went to 10^20 for a
  reason: it is the smallest height at which the agreement is convincing to the
  eye, and even 10^20 is a finite check of an infinite claim.

  Note also what did NOT change: the arithmetic cost per evaluation grows only
  like sqrt(t), so reaching 10^20 is not what is hard. The statistics converge
  logarithmically while the zeros themselves stay cheap. Verification is limited
  by the mathematics, not the machine.

wrote results/gue_vs_height.json
